{"username":"\u7528\u6237\u540d","userpassword":"\u7528\u6237\u5bc6\u7801"}