<!DOCTYPE html>
<html>
<head lang="en">
    <meta charset="UTF-8">
    <title></title>
</head>
<body>
<span>User Name</span><input type="text"/>
<span>User Password</span><input type="password"/>
</body>
</html>